
> food-waste-system@0.1.0 build
> next build

Γû▓ Next.js 16.2.4 (Turbopack)

  Creating an optimized production build ...
node.exe : Turbopack build encountered 6 warnings:
At line:1 char:1
+ & "C:\Program Files\nodejs/node.exe" "C:\Program Files\nodejs/node_mo ...
+ ~~~~~~~~~~~~~~~~~~~~~~~~~~~~~~~~~~~~~~~~~~~~~~~~~~~~~~~~~~~~~~~~~~~~~
    + CategoryInfo          : NotSpecified: (Turbopack build encountered 6 war 
   nings::String) [], RemoteException
    + FullyQualifiedErrorId : NativeCommandError
 
./app/.next/dev/server/chunks/ssr/[turbopack]_runtime.js:732:30
Module not found: Can't resolve 
('/ROOT/app/.next/dev/server/chunks/ssr/[turbopack]_runtime.js/' <dynamic> '/' 
<dynamic> | '/ROOT/app/.next/dev/server/chunks/ssr/[turbopack]_runtime.js' 
<dynamic> '/' <dynamic> | 
'/ROOT/app/.next/dev/server/chunks/ssr/[turbopack]_runtime.js/' <dynamic> | 
'/ROOT/app/.next/dev/server/chunks/ssr/[turbopack]_runtime.js' <dynamic>)
  [90m730 |[0m     [36mtry[0m {
  [90m731 |[0m         [36mconst[0m resolved = 
path.resolve([33mRUNTIME_ROOT[0m, chunkPath);
[31m[1m>[0m [90m732 |[0m         [36mconst[0m chunkModules = 
require(resolved);
  [90m    |[0m                              [31m[1m^^^^^^^^^^^^^^^^^[0m
  [90m733 |[0m         installCompressedModuleFactories(chunkModules, 
[35m0[0m, moduleFactories);
  [90m734 |[0m         loadedChunks.add(chunkPath);
  [90m735 |[0m     } [36mcatch[0m (cause) {



Import trace:
  Server Component:
    ./app/.next/dev/server/chunks/ssr/[turbopack]_runtime.js
    ./app/.next/dev/server/app/page.js

https://nextjs.org/docs/messages/module-not-found


./app/.next/dev/server/chunks/ssr/[turbopack]_runtime.js:761:34
Module not found: Can't resolve 
('/ROOT/app/.next/dev/server/chunks/ssr/[turbopack]_runtime.js/' <dynamic> '/' 
<dynamic> | '/ROOT/app/.next/dev/server/chunks/ssr/[turbopack]_runtime.js' 
<dynamic> '/' <dynamic> | 
'/ROOT/app/.next/dev/server/chunks/ssr/[turbopack]_runtime.js/' <dynamic> | 
'/ROOT/app/.next/dev/server/chunks/ssr/[turbopack]_runtime.js' <dynamic>)
  [90m759 |[0m             [90m// TODO: consider switching to `import()` to 
enable concurrent chunk loading ...[0m
  [90m760 |[0m             [90m// However this is incompatible with hot 
reloading (since `import` doesn't us...[0m
[31m[1m>[0m [90m761 |[0m             [36mconst[0m chunkModules = 
require(resolved);
  [90m    |[0m                                  
[31m[1m^^^^^^^^^^^^^^^^^[0m
  [90m762 |[0m             installCompressedModuleFactories(chunkModules, 
[35m0[0m, moduleFactories);
  [90m763 |[0m             entry = loadedChunk;
  [90m764 |[0m         } [36mcatch[0m (cause) {



Import trace:
  Server Component:
    ./app/.next/dev/server/chunks/ssr/[turbopack]_runtime.js
    ./app/.next/dev/server/app/page.js

https://nextjs.org/docs/messages/module-not-found


./app/.next/server/chunks/[turbopack]_runtime.js:732:30
Module not found: Can't resolve 
('/ROOT/app/.next/server/chunks/[turbopack]_runtime.js/' <dynamic> '/' 
<dynamic> | '/ROOT/app/.next/server/chunks/[turbopack]_runtime.js' <dynamic> 
'/' <dynamic> | '/ROOT/app/.next/server/chunks/[turbopack]_runtime.js/' 
<dynamic> | '/ROOT/app/.next/server/chunks/[turbopack]_runtime.js' <dynamic>)
  [90m730 |[0m     [36mtry[0m {
  [90m731 |[0m         [36mconst[0m resolved = 
path.resolve([33mRUNTIME_ROOT[0m, chunkPath);
[31m[1m>[0m [90m732 |[0m         [36mconst[0m chunkModules = 
require(resolved);
  [90m    |[0m                              [31m[1m^^^^^^^^^^^^^^^^^[0m
  [90m733 |[0m         installCompressedModuleFactories(chunkModules, 
[35m0[0m, moduleFactories);
  [90m734 |[0m         loadedChunks.add(chunkPath);
  [90m735 |[0m     } [36mcatch[0m (cause) {



Import trace:
  App Route:
    ./app/.next/server/chunks/[turbopack]_runtime.js
    ./app/.next/server/app/favicon.ico/route.js

https://nextjs.org/docs/messages/module-not-found


./app/.next/server/chunks/[turbopack]_runtime.js:761:34
Module not found: Can't resolve 
('/ROOT/app/.next/server/chunks/[turbopack]_runtime.js/' <dynamic> '/' 
<dynamic> | '/ROOT/app/.next/server/chunks/[turbopack]_runtime.js' <dynamic> 
'/' <dynamic> | '/ROOT/app/.next/server/chunks/[turbopack]_runtime.js/' 
<dynamic> | '/ROOT/app/.next/server/chunks/[turbopack]_runtime.js' <dynamic>)
  [90m759 |[0m             [90m// TODO: consider switching to `import()` to 
enable concurrent chunk loading ...[0m
  [90m760 |[0m             [90m// However this is incompatible with hot 
reloading (since `import` doesn't us...[0m
[31m[1m>[0m [90m761 |[0m             [36mconst[0m chunkModules = 
require(resolved);
  [90m    |[0m                                  
[31m[1m^^^^^^^^^^^^^^^^^[0m
  [90m762 |[0m             installCompressedModuleFactories(chunkModules, 
[35m0[0m, moduleFactories);
  [90m763 |[0m             entry = loadedChunk;
  [90m764 |[0m         } [36mcatch[0m (cause) {



Import trace:
  App Route:
    ./app/.next/server/chunks/[turbopack]_runtime.js
    ./app/.next/server/app/favicon.ico/route.js

https://nextjs.org/docs/messages/module-not-found


./app/.next/server/chunks/ssr/[turbopack]_runtime.js:732:30
Module not found: Can't resolve 
('/ROOT/app/.next/server/chunks/ssr/[turbopack]_runtime.js/' <dynamic> '/' 
<dynamic> | '/ROOT/app/.next/server/chunks/ssr/[turbopack]_runtime.js' 
<dynamic> '/' <dynamic> | 
'/ROOT/app/.next/server/chunks/ssr/[turbopack]_runtime.js/' <dynamic> | 
'/ROOT/app/.next/server/chunks/ssr/[turbopack]_runtime.js' <dynamic>)
  [90m730 |[0m     [36mtry[0m {
  [90m731 |[0m         [36mconst[0m resolved = 
path.resolve([33mRUNTIME_ROOT[0m, chunkPath);
[31m[1m>[0m [90m732 |[0m         [36mconst[0m chunkModules = 
require(resolved);
  [90m    |[0m                              [31m[1m^^^^^^^^^^^^^^^^^[0m
  [90m733 |[0m         installCompressedModuleFactories(chunkModules, 
[35m0[0m, moduleFactories);
  [90m734 |[0m         loadedChunks.add(chunkPath);
  [90m735 |[0m     } [36mcatch[0m (cause) {



Import trace:
  Server Component:
    ./app/.next/server/chunks/ssr/[turbopack]_runtime.js
    ./app/.next/server/app/view-donations/page.js

https://nextjs.org/docs/messages/module-not-found


./app/.next/server/chunks/ssr/[turbopack]_runtime.js:761:34
Module not found: Can't resolve 
('/ROOT/app/.next/server/chunks/ssr/[turbopack]_runtime.js/' <dynamic> '/' 
<dynamic> | '/ROOT/app/.next/server/chunks/ssr/[turbopack]_runtime.js' 
<dynamic> '/' <dynamic> | 
'/ROOT/app/.next/server/chunks/ssr/[turbopack]_runtime.js/' <dynamic> | 
'/ROOT/app/.next/server/chunks/ssr/[turbopack]_runtime.js' <dynamic>)
  [90m759 |[0m             [90m// TODO: consider switching to `import()` to 
enable concurrent chunk loading ...[0m
  [90m760 |[0m             [90m// However this is incompatible with hot 
reloading (since `import` doesn't us...[0m
[31m[1m>[0m [90m761 |[0m             [36mconst[0m chunkModules = 
require(resolved);
  [90m    |[0m                                  
[31m[1m^^^^^^^^^^^^^^^^^[0m
  [90m762 |[0m             installCompressedModuleFactories(chunkModules, 
[35m0[0m, moduleFactories);
  [90m763 |[0m             entry = loadedChunk;
  [90m764 |[0m         } [36mcatch[0m (cause) {



Import trace:
  Server Component:
    ./app/.next/server/chunks/ssr/[turbopack]_runtime.js
    ./app/.next/server/app/view-donations/page.js

https://nextjs.org/docs/messages/module-not-found



> Build error occurred
Error: Turbopack build failed with 12 errors:
./app/.next/dev/server/chunks/ssr
Module not found: Can't resolve 
'./ROOT/app/.next/dev/server/chunks/ssr/[turbopack]_runtime.js' <dynamic>
server relative imports are not implemented yet. Please try an import relative 
to the file you are importing from.


https://nextjs.org/docs/messages/module-not-found


./app/.next/dev/server/chunks/ssr
Module not found: Can't resolve 
'./ROOT/app/.next/dev/server/chunks/ssr/[turbopack]_runtime.js' <dynamic> '/' 
<dynamic>
server relative imports are not implemented yet. Please try an import relative 
to the file you are importing from.


https://nextjs.org/docs/messages/module-not-found


./app/.next/dev/server/chunks/ssr
Module not found: Can't resolve 
'./ROOT/app/.next/dev/server/chunks/ssr/[turbopack]_runtime.js/' <dynamic>
server relative imports are not implemented yet. Please try an import relative 
to the file you are importing from.


https://nextjs.org/docs/messages/module-not-found


./app/.next/dev/server/chunks/ssr
Module not found: Can't resolve 
'./ROOT/app/.next/dev/server/chunks/ssr/[turbopack]_runtime.js/' <dynamic> '/' 
<dynamic>
server relative imports are not implemented yet. Please try an import relative 
to the file you are importing from.


https://nextjs.org/docs/messages/module-not-found


./app/.next/server/chunks
Module not found: Can't resolve 
'./ROOT/app/.next/server/chunks/[turbopack]_runtime.js' <dynamic>
server relative imports are not implemented yet. Please try an import relative 
to the file you are importing from.


https://nextjs.org/docs/messages/module-not-found


./app/.next/server/chunks
Module not found: Can't resolve 
'./ROOT/app/.next/server/chunks/[turbopack]_runtime.js' <dynamic> '/' <dynamic>
server relative imports are not implemented yet. Please try an import relative 
to the file you are importing from.


https://nextjs.org/docs/messages/module-not-found


./app/.next/server/chunks
Module not found: Can't resolve 
'./ROOT/app/.next/server/chunks/[turbopack]_runtime.js/' <dynamic>
server relative imports are not implemented yet. Please try an import relative 
to the file you are importing from.


https://nextjs.org/docs/messages/module-not-found


./app/.next/server/chunks
Module not found: Can't resolve 
'./ROOT/app/.next/server/chunks/[turbopack]_runtime.js/' <dynamic> '/' 
<dynamic>
server relative imports are not implemented yet. Please try an import relative 
to the file you are importing from.


https://nextjs.org/docs/messages/module-not-found


./app/.next/server/chunks/ssr
Module not found: Can't resolve 
'./ROOT/app/.next/server/chunks/ssr/[turbopack]_runtime.js' <dynamic>
server relative imports are not implemented yet. Please try an import relative 
to the file you are importing from.


https://nextjs.org/docs/messages/module-not-found


./app/.next/server/chunks/ssr
Module not found: Can't resolve 
'./ROOT/app/.next/server/chunks/ssr/[turbopack]_runtime.js' <dynamic> '/' 
<dynamic>
server relative imports are not implemented yet. Please try an import relative 
to the file you are importing from.


https://nextjs.org/docs/messages/module-not-found


./app/.next/server/chunks/ssr
Module not found: Can't resolve 
'./ROOT/app/.next/server/chunks/ssr/[turbopack]_runtime.js/' <dynamic>
server relative imports are not implemented yet. Please try an import relative 
to the file you are importing from.


https://nextjs.org/docs/messages/module-not-found


./app/.next/server/chunks/ssr
Module not found: Can't resolve 
'./ROOT/app/.next/server/chunks/ssr/[turbopack]_runtime.js/' <dynamic> '/' 
<dynamic>
server relative imports are not implemented yet. Please try an import relative 
to the file you are importing from.


https://nextjs.org/docs/messages/module-not-found


    at <unknown> (https://nextjs.org/docs/messages/module-not-found)
    ... collapsed 11 duplicate lines matching above 1 lines 11 times...
